../Drivers/CMSIS/Include/core_cm4.h:2064:26:ITM_SendChar	16	static,ignoring_inline_asm
../Core/Src/main.c:88:5:_write	32	static
../Core/Src/main.c:104:5:main	16	static
../Core/Src/main.c:221:6:HAL_ADC_ConvCpltCallback	16	static
../Core/Src/main.c:229:6:SystemClock_Config	88	static
../Core/Src/main.c:275:13:MX_ADC1_Init	24	static
../Core/Src/main.c:354:13:MX_I2C1_Init	8	static
../Core/Src/main.c:388:13:MX_I2S3_Init	8	static
../Core/Src/main.c:422:13:MX_SPI1_Init	8	static
../Core/Src/main.c:460:13:MX_TIM1_Init	80	static
../Core/Src/main.c:525:13:MX_TIM2_Init	48	static
../Core/Src/main.c:572:13:MX_DMA_Init	16	static
../Core/Src/main.c:590:13:MX_GPIO_Init	56	static
../Core/Src/main.c:683:6:Error_Handler	4	static,ignoring_inline_asm
